[33m❯[39m Building...
[32m✔[39m Building...
[1mInitial chunk files[22m                                        [2m | [22m[1mNames[22m                                                   [2m | [22m [1mRaw size[22m
[32mspec-app-incident-command-system-incident-command-system.js[39m[2m | [22m[2mspec-app-incident-command-system-incident-command-system[22m[2m | [22m[36m190.91 kB[39m[2m | [22m
[32mchunk-RSTWSNOR.js[39m                                          [2m | [22m[2m-[22m                                                       [2m | [22m  [36m4.75 kB[39m[2m | [22m
[32mstyles.css[39m                                                 [2m | [22m[2mstyles[22m                                                  [2m | [22m  [36m1.89 kB[39m[2m | [22m
[32minit-testbed.js[39m                                            [2m | [22m[2minit-testbed[22m                                            [2m | [22m  [36m1.21 kB[39m[2m | [22m
[32mvitest-mock-patch.js[39m                                       [2m | [22m[2mvitest-mock-patch[22m                                       [2m | [22m[36m704 bytes[39m[2m | [22m

[1m [22m                                                          [2m | [22m[1mInitial total[22m                                           [2m | [22m[1m199.47 kB[22m

Application bundle generation complete. [4.257 seconds] - 2026-05-28T05:45:30.626Z

▲ [WARNING] NG8102: NG8102: The left side of this nullish coalescing operation does not include 'null' or 'undefined' in its type, therefore the '??' operator can be safely removed. Find more at https://v21.angular.dev/extended-diagnostics/NG8102 [plugin angular-compiler]

    src/app/incident-command-system/incident-command-system.html:242:33:
      242 │ ...               [ngModel]="volunteerSearchByTeam()[team.id] ?? ''"
          ╵                              ~~~~~~~~~~~~~~~~~~~~~~~~~~~~~~~~~~~~~~

  Warning occurs in the template of component IncidentCommandSystemComponent.

    src/app/incident-command-system/incident-command-system.ts:26:15:
      26 │   templateUrl: './incident-command-system.html',
         ╵                ~~~~~~~~~~~~~~~~~~~~~~~~~~~~~~~~



[1m[46m RUN [49m[22m [36mv4.1.0 [39m[90mC:/kaelDev/Programming/Capstone/capstone-nlcom-volunteer-management-system/servetrack-frontend[39m

 [32m✓[39m [30m[42m servetrack-frontend [49m[39m src/app/incident-command-system/incident-command-system.spec.ts [2m([22m[2m3 tests[22m[2m)[22m[33m 312[2mms[22m[39m

[2m Test Files [22m [1m[32m1 passed[39m[22m[90m (1)[39m
[2m      Tests [22m [1m[32m3 passed[39m[22m[90m (3)[39m
[2m   Start at [22m 13:45:31
[2m   Duration [22m 1.84s[2m (transform 205ms, setup 280ms, import 255ms, tests 312ms, environment 814ms)[22m

